[I 181030 14:52:26 web:2162] 200 POST /li (::1) 0.67ms
[I 181030 14:52:26 web:2162] 200 POST /li (::1) 0.67ms
[I 181030 15:01:15 web:2162] 200 POST /li (::1) 0.75ms
[I 181030 15:01:15 web:2162] 200 POST /li (::1) 0.75ms
[I 181030 15:02:48 autoreload:199] test_01.py modified; restarting server
[I 181030 15:02:48 autoreload:199] test_01.py modified; restarting server
